Archive member included because of file (symbol)

.\CortexM3\ARM_GCC_493\Debug\Design01.a(cyfitter_cfg.o)
                              .\CortexM3\ARM_GCC_493\Debug\Cm3Start.o (cyfitter_cfg)
.\CortexM3\ARM_GCC_493\Debug\Design01.a(isr_2.o)
                              .\CortexM3\ARM_GCC_493\Debug\main.o (isr_2_StartEx)
.\CortexM3\ARM_GCC_493\Debug\Design01.a(isr_3.o)
                              .\CortexM3\ARM_GCC_493\Debug\main.o (isr_3_StartEx)
.\CortexM3\ARM_GCC_493\Debug\Design01.a(Counter_1.o)
                              .\CortexM3\ARM_GCC_493\Debug\main.o (Counter_1_Stop)
.\CortexM3\ARM_GCC_493\Debug\Design01.a(LCD.o)
                              .\CortexM3\ARM_GCC_493\Debug\main.o (LCD_PrintString)
.\CortexM3\ARM_GCC_493\Debug\Design01.a(CyLib.o)
                              .\CortexM3\ARM_GCC_493\Debug\Cm3Start.o (CyHalt)
.\CortexM3\ARM_GCC_493\Debug\Design01.a(cyPm.o)
                              .\CortexM3\ARM_GCC_493\Debug\Design01.a(CyLib.o) (CyPmReadStatus)
.\CortexM3\ARM_GCC_493\Debug\Design01.a(isr_1.o)
                              .\CortexM3\ARM_GCC_493\Debug\main.o (isr_1_StartEx)
.\CortexM3\ARM_GCC_493\Debug\Design01.a(isr_4.o)
                              .\CortexM3\ARM_GCC_493\Debug\main.o (isr_4_StartEx)
.\CortexM3\ARM_GCC_493\Debug\Design01.a(Counter_2.o)
                              .\CortexM3\ARM_GCC_493\Debug\main.o (Counter_2_Stop)
.\CortexM3\ARM_GCC_493\Debug\Design01.a(Pin_A1.o)
                              .\CortexM3\ARM_GCC_493\Debug\main.o (Pin_A1_Write)
.\CortexM3\ARM_GCC_493\Debug\Design01.a(Pin_A2.o)
                              .\CortexM3\ARM_GCC_493\Debug\main.o (Pin_A2_Write)
.\CortexM3\ARM_GCC_493\Debug\Design01.a(Pin_B1.o)
                              .\CortexM3\ARM_GCC_493\Debug\main.o (Pin_B1_Write)
.\CortexM3\ARM_GCC_493\Debug\Design01.a(Pin_B2.o)
                              .\CortexM3\ARM_GCC_493\Debug\main.o (Pin_B2_Write)
.\CortexM3\ARM_GCC_493\Debug\Design01.a(isr_5.o)
                              .\CortexM3\ARM_GCC_493\Debug\main.o (isr_5_StartEx)
.\CortexM3\ARM_GCC_493\Debug\Design01.a(Pin_A1_1.o)
                              .\CortexM3\ARM_GCC_493\Debug\main.o (Pin_A1_1_Write)
.\CortexM3\ARM_GCC_493\Debug\Design01.a(Pin_A2_1.o)
                              .\CortexM3\ARM_GCC_493\Debug\main.o (Pin_A2_1_Write)
.\CortexM3\ARM_GCC_493\Debug\Design01.a(Pin_B1_1.o)
                              .\CortexM3\ARM_GCC_493\Debug\main.o (Pin_B1_1_Write)
.\CortexM3\ARM_GCC_493\Debug\Design01.a(Pin_B2_1.o)
                              .\CortexM3\ARM_GCC_493\Debug\main.o (Pin_B2_1_Write)
.\CortexM3\ARM_GCC_493\Debug\Design01.a(CyBootAsmGnu.o)
                              .\CortexM3\ARM_GCC_493\Debug\Design01.a(cyfitter_cfg.o) (CyDelayCycles)
.\CortexM3\ARM_GCC_493\Debug\Design01.a(CyFlash.o)
                              .\CortexM3\ARM_GCC_493\Debug\Design01.a(cyPm.o) (CyFlash_SetWaitCycles)
.\CortexM3\ARM_GCC_493\Debug\Design01.a(CySpc.o)
                              .\CortexM3\ARM_GCC_493\Debug\Design01.a(CyFlash.o) (CySpcStart)
d:/program files (x86)/cypress/psoc creator/4.0/psoc creator/import/gnu/arm/4.9.3/bin/../lib/gcc/arm-none-eabi/4.9.3/armv7-m\libgcc.a(_arm_addsubdf3.o)
                              .\CortexM3\ARM_GCC_493\Debug\main.o (__aeabi_i2d)
d:/program files (x86)/cypress/psoc creator/4.0/psoc creator/import/gnu/arm/4.9.3/bin/../lib/gcc/arm-none-eabi/4.9.3/armv7-m\libgcc.a(_arm_muldivdf3.o)
                              .\CortexM3\ARM_GCC_493\Debug\main.o (__aeabi_ddiv)
d:/program files (x86)/cypress/psoc creator/4.0/psoc creator/import/gnu/arm/4.9.3/bin/../lib/gcc/arm-none-eabi/4.9.3/armv7-m\libgcc.a(_arm_truncdfsf2.o)
                              .\CortexM3\ARM_GCC_493\Debug\main.o (__aeabi_d2f)
d:/program files (x86)/cypress/psoc creator/4.0/psoc creator/import/gnu/arm/4.9.3/bin/../lib/gcc/arm-none-eabi/4.9.3/armv7-m\libgcc.a(_arm_addsubsf3.o)
                              .\CortexM3\ARM_GCC_493\Debug\main.o (__aeabi_fsub)
d:/program files (x86)/cypress/psoc creator/4.0/psoc creator/import/gnu/arm/4.9.3/bin/../lib/gcc/arm-none-eabi/4.9.3/armv7-m\libgcc.a(_arm_muldivsf3.o)
                              .\CortexM3\ARM_GCC_493\Debug\main.o (__aeabi_fmul)
d:/program files (x86)/cypress/psoc creator/4.0/psoc creator/import/gnu/arm/4.9.3/bin/../lib/gcc/arm-none-eabi/4.9.3/armv7-m\libgcc.a(_arm_cmpsf2.o)
                              .\CortexM3\ARM_GCC_493\Debug\main.o (__aeabi_fcmplt)
d:/program files (x86)/cypress/psoc creator/4.0/psoc creator/import/gnu/arm/4.9.3/bin/../lib/gcc/arm-none-eabi/4.9.3/armv7-m\libgcc.a(_arm_fixsfsi.o)
                              .\CortexM3\ARM_GCC_493\Debug\main.o (__aeabi_f2iz)
d:/program files (x86)/cypress/psoc creator/4.0/psoc creator/import/gnu/arm/4.9.3/bin/../lib/gcc/arm-none-eabi/4.9.3/armv7-m\libgcc.a(_arm_fixunssfsi.o)
                              .\CortexM3\ARM_GCC_493\Debug\main.o (__aeabi_f2uiz)
[...]
Memory Configuration

Name             Origin             Length             Attributes
rom              0x00000000         0x00040000         xr
ram              0x1fff8000         0x00010000         xrw
*default*        0x00000000         0xffffffff

Linker script and memory map

LOAD d:/program files (x86)/cypress/psoc creator/4.0/psoc creator/import/gnu/arm/4.9.3/bin/../lib/gcc/arm-none-eabi/4.9.3/armv7-m/crti.o
LOAD d:/program files (x86)/cypress/psoc creator/4.0/psoc creator/import/gnu/arm/4.9.3/bin/../lib/gcc/arm-none-eabi/4.9.3/armv7-m/crtbegin.o
LOAD d:/program files (x86)/cypress/psoc creator/4.0/psoc creator/import/gnu/arm/4.9.3/bin/../lib/gcc/arm-none-eabi/4.9.3/../../../../arm-none-eabi/lib/armv7-m/crt0.o
START GROUP
LOAD .\CortexM3\ARM_GCC_493\Debug\main.o
LOAD .\CortexM3\ARM_GCC_493\Debug\cymetadata.o
LOAD .\CortexM3\ARM_GCC_493\Debug\Cm3Start.o
LOAD .\CortexM3\ARM_GCC_493\Debug\Design01.a
LOAD D:\Program Files (x86)\Cypress\PSoC Creator\4.0\PSoC Creator\psoc\content\cycomponentlibrary\CyComponentLibrary.cylib\CortexM3\ARM_GCC_493\Debug\CyComponentLibrary.a
END GROUP
START GROUP
LOAD d:/program files (x86)/cypress/psoc creator/4.0/psoc creator/import/gnu/arm/4.9.3/bin/../lib/gcc/arm-none-eabi/4.9.3/armv7-m\libgcc.a
LOAD d:/program files (x86)/cypress/psoc creator/4.0/psoc creator/import/gnu/arm/4.9.3/bin/../lib/gcc/arm-none-eabi/4.9.3/../../../../arm-none-eabi/lib/armv7-m\libg_nano.a
LOAD d:/program files (x86)/cypress/psoc creator/4.0/psoc creator/import/gnu/arm/4.9.3/bin/../lib/gcc/arm-none-eabi/4.9.3/../../../../arm-none-eabi/lib/armv7-m\libc_nano.a
END GROUP
START GROUP
LOAD d:/program files (x86)/cypress/psoc creator/4.0/psoc creator/import/gnu/arm/4.9.3/bin/../lib/gcc/arm-none-eabi/4.9.3/armv7-m\libgcc.a
LOAD d:/program files (x86)/cypress/psoc creator/4.0/psoc creator/import/gnu/arm/4.9.3/bin/../lib/gcc/arm-none-eabi/4.9.3/../../../../arm-none-eabi/lib/armv7-m\libc_nano.a
END GROUP
LOAD d:/program files (x86)/cypress/psoc creator/4.0/psoc creator/import/gnu/arm/4.9.3/bin/../lib/gcc/arm-none-eabi/4.9.3/armv7-m/crtend.o
LOAD d:/program files (x86)/cypress/psoc creator/4.0/psoc creator/import/gnu/arm/4.9.3/bin/../lib/gcc/arm-none-eabi/4.9.3/armv7-m/crtn.o
START GROUP
LOAD d:/program files (x86)/cypress/psoc creator/4.0/psoc creator/import/gnu/arm/4.9.3/bin/../lib/gcc/arm-none-eabi/4.9.3/armv7-m\libgcc.a
LOAD d:/program files (x86)/cypress/psoc creator/4.0/psoc creator/import/gnu/arm/4.9.3/bin/../lib/gcc/arm-none-eabi/4.9.3/../../../../arm-none-eabi/lib/armv7-m\libc.a
LOAD d:/program files (x86)/cypress/psoc creator/4.0/psoc creator/import/gnu/arm/4.9.3/bin/../lib/gcc/arm-none-eabi/4.9.3/../../../../arm-none-eabi/lib/armv7-m\libnosys.a
END GROUP
                0x00000000                CY_APPL_ORIGIN = 0x0
                0x00000100                CY_FLASH_ROW_SIZE = 0x100
                0x00000020                CY_ECC_ROW_SIZE = 0x20
                0x00000000                CY_EE_IN_BTLDR = 0x0
                0x00000000                CY_APPL_LOADABLE = 0x0
                0x00000800                CY_EE_SIZE = 0x800
                0x00000001                CY_APPL_NUM = 0x1
                0x00000001                CY_APPL_MAX = 0x1
                0x00000040                CY_METADATA_SIZE = 0x40
                0x00000000                CY_APPL_LOADABLE = 0x0
                0x00000000                CY_CHECKSUM_EXCLUDE_SIZE = ALIGN (0x0, CY_FLASH_ROW_SIZE)
                0x1fff82c0                PROVIDE (__cy_heap_start, _end)
                0x00000001                PROVIDE (__cy_region_num, ((__cy_regions_end - __cy_regions) / 0x10))
                0x20008000                PROVIDE (__cy_stack, (ORIGIN (ram) + 0x10000))
                0x20007800                PROVIDE (__cy_heap_end, (__cy_stack - 0x800))

.cybootloader   0x00000000        0x0
 *(.cybootloader)
                0x00000000                appl1_start = CY_APPL_ORIGIN?CY_APPL_ORIGIN:ALIGN (CY_FLASH_ROW_SIZE)
                0x0001ff00                appl2_start = (appl1_start + ALIGN ((((0x40000 - appl1_start) - (0x2 * CY_FLASH_ROW_SIZE)) / 0x2), CY_FLASH_ROW_SIZE))
                0x00000000                appl_start = (CY_APPL_NUM == 0x1)?appl1_start:appl2_start
                0x00000000                ecc_offset = ((appl_start / CY_FLASH_ROW_SIZE) * CY_ECC_ROW_SIZE)
                0x00000000                ee_offset = (CY_APPL_LOADABLE && ! (CY_EE_IN_BTLDR))?((CY_EE_SIZE / CY_APPL_MAX) * (CY_APPL_NUM - 0x1)):0x0
                0x00000800                ee_size = (CY_APPL_LOADABLE && ! (CY_EE_IN_BTLDR))?(CY_EE_SIZE / CY_APPL_MAX):CY_EE_SIZE
                0x00000000                PROVIDE (CY_ECC_OFFSET, ecc_offset)

.text           0x00000000     0x1fb6
 CREATE_OBJECT_SYMBOLS
                0x00000000                PROVIDE (__cy_interrupt_vector, RomVectors)
 *(.romvectors)
 .romvectors    0x00000000       0x10 .\CortexM3\ARM_GCC_493\Debug\Cm3Start.o
                0x00000000                RomVectors
                0x00000001                ASSERT ((. != __cy_interrupt_vector), No interrupt vector)
                0x00000001                ASSERT (CY_APPL_ORIGIN?(SIZEOF (.cybootloader) <= CY_APPL_ORIGIN):0x1, Wrong image location)
                0x00000010                PROVIDE (__cy_reset, Reset)
 *(.text.Reset)
 .text.Reset    0x00000010       0x18 .\CortexM3\ARM_GCC_493\Debug\Cm3Start.o
                0x00000010                Reset
                0x00000001                ASSERT ((. != __cy_reset), No reset code)
 *(.dma_init)
                0x00000001                ASSERT ((((appl_start + .) <= 0x10000) || 0x1), DMA Init must be within the first 64k of flash)
 *(.text .text.* .gnu.linkonce.t.*)
 .text          0x00000028       0x5c d:/program files (x86)/cypress/psoc creator/4.0/psoc creator/import/gnu/arm/4.9.3/bin/../lib/gcc/arm-none-eabi/4.9.3/armv7-m/crtbegin.o
 .text.HALL_SENSOR
                0x00000084       0x14 .\CortexM3\ARM_GCC_493\Debug\main.o
                0x00000084                HALL_SENSOR
 .text.RISING_EDGE_1
                0x00000098        0x8 .\CortexM3\ARM_GCC_493\Debug\main.o
                0x00000098                RISING_EDGE_1
 .text.FALLING_EDGE_1
                0x000000a0       0x8c .\CortexM3\ARM_GCC_493\Debug\main.o
                0x000000a0                FALLING_EDGE_1
 .text.RISING_EDGE_2
                0x0000012c        0x8 .\CortexM3\ARM_GCC_493\Debug\main.o
                0x0000012c                RISING_EDGE_2
 .text.step1    0x00000134       0x1c .\CortexM3\ARM_GCC_493\Debug\main.o
                0x00000134                step1
 .text.step2    0x00000150       0x1c .\CortexM3\ARM_GCC_493\Debug\main.o
                0x00000150                step2
 .text.step3    0x0000016c       0x1c .\CortexM3\ARM_GCC_493\Debug\main.o
                0x0000016c                step3
 .text.step4    0x00000188       0x1c .\CortexM3\ARM_GCC_493\Debug\main.o
                0x00000188                step4
 .text.step1_1  0x000001a4       0x1c .\CortexM3\ARM_GCC_493\Debug\main.o
                0x000001a4                step1_1
 .text.step2_1  0x000001c0       0x1c .\CortexM3\ARM_GCC_493\Debug\main.o
                0x000001c0                step2_1
 .text.step3_1  0x000001dc       0x1c .\CortexM3\ARM_GCC_493\Debug\main.o
                0x000001dc                step3_1
 .text.step4_1  0x000001f8       0x1c .\CortexM3\ARM_GCC_493\Debug\main.o
                0x000001f8                step4_1
 .text.clockwise_1
                0x00000214       0x34 .\CortexM3\ARM_GCC_493\Debug\main.o
                0x00000214                clockwise_1
 .text.clockwise
                0x00000248       0x34 .\CortexM3\ARM_GCC_493\Debug\main.o
                0x00000248                clockwise
 .text.counter_clockwise_1
                0x0000027c       0x34 .\CortexM3\ARM_GCC_493\Debug\main.o
                0x0000027c                counter_clockwise_1
 .text.counter_clockwise
                0x000002b0       0x34 .\CortexM3\ARM_GCC_493\Debug\main.o
                0x000002b0                counter_clockwise
 .text.FALLING_EDGE_2
                0x000002e4      0x250 .\CortexM3\ARM_GCC_493\Debug\main.o
                0x000002e4                FALLING_EDGE_2
 .text.main     0x00000534       0xb0 .\CortexM3\ARM_GCC_493\Debug\main.o
                0x00000534                main
 .text.IntDefaultHandler
                0x000005e4       0x10 .\CortexM3\ARM_GCC_493\Debug\Cm3Start.o
                0x000005e4                IntDefaultHandler
 .text.Start_c  0x000005f4       0x4c .\CortexM3\ARM_GCC_493\Debug\Cm3Start.o
                0x000005f4                Start_c
 .text.initialize_psoc
                0x00000640       0x74 .\CortexM3\ARM_GCC_493\Debug\Cm3Start.o
                0x00000640                initialize_psoc
 .text.CyClockStartupError
                0x000006b4        0x4 .\CortexM3\ARM_GCC_493\Debug\Design01.a(cyfitter_cfg.o)
 .text.cfg_write_bytes32
                0x000006b8       0x34 .\CortexM3\ARM_GCC_493\Debug\Design01.a(cyfitter_cfg.o)
 .text.AnalogSetDefault
                0x000006ec       0x28 .\CortexM3\ARM_GCC_493\Debug\Design01.a(cyfitter_cfg.o)
 .text.CYMEMZERO
                0x00000714        0xc .\CortexM3\ARM_GCC_493\Debug\Design01.a(cyfitter_cfg.o)
 .text.ClockSetup
                0x00000720       0xe0 .\CortexM3\ARM_GCC_493\Debug\Design01.a(cyfitter_cfg.o)
 .text.CYCONFIGCPY
                0x00000800        0x8 .\CortexM3\ARM_GCC_493\Debug\Design01.a(cyfitter_cfg.o)
 .text.cyfitter_cfg
                0x00000808      0x124 .\CortexM3\ARM_GCC_493\Debug\Design01.a(cyfitter_cfg.o)
                0x00000808                cyfitter_cfg
 .text.isr_2_SetVector
                0x0000092c        0xc .\CortexM3\ARM_GCC_493\Debug\Design01.a(isr_2.o)
                0x0000092c                isr_2_SetVector
 .text.isr_2_SetPriority
                0x00000938       0x10 .\CortexM3\ARM_GCC_493\Debug\Design01.a(isr_2.o)
                0x00000938                isr_2_SetPriority
 .text.isr_2_Enable
                0x00000948        0xc .\CortexM3\ARM_GCC_493\Debug\Design01.a(isr_2.o)
                0x00000948                isr_2_Enable
 .text.isr_2_Disable
                0x00000954        0xc .\CortexM3\ARM_GCC_493\Debug\Design01.a(isr_2.o)
                0x00000954                isr_2_Disable
 .text.isr_2_StartEx
                0x00000960       0x1c .\CortexM3\ARM_GCC_493\Debug\Design01.a(isr_2.o)
                0x00000960                isr_2_StartEx
 .text.isr_3_SetVector
                0x0000097c        0xc .\CortexM3\ARM_GCC_493\Debug\Design01.a(isr_3.o)
                0x0000097c                isr_3_SetVector
 .text.isr_3_SetPriority
                0x00000988       0x10 .\CortexM3\ARM_GCC_493\Debug\Design01.a(isr_3.o)
                0x00000988                isr_3_SetPriority
 .text.isr_3_Enable
                0x00000998        0xc .\CortexM3\ARM_GCC_493\Debug\Design01.a(isr_3.o)
                0x00000998                isr_3_Enable
 .text.isr_3_Disable
                0x000009a4        0xc .\CortexM3\ARM_GCC_493\Debug\Design01.a(isr_3.o)
                0x000009a4                isr_3_Disable
 .text.isr_3_StartEx
                0x000009b0       0x1c .\CortexM3\ARM_GCC_493\Debug\Design01.a(isr_3.o)
                0x000009b0                isr_3_StartEx
 .text.Counter_1_Enable
                0x000009cc       0x10 .\CortexM3\ARM_GCC_493\Debug\Design01.a(Counter_1.o)
                0x000009cc                Counter_1_Enable
 .text.Counter_1_Stop
                0x000009dc       0x10 .\CortexM3\ARM_GCC_493\Debug\Design01.a(Counter_1.o)
                0x000009dc                Counter_1_Stop
 .text.Counter_1_SetInterruptMode
                0x000009ec        0xc .\CortexM3\ARM_GCC_493\Debug\Design01.a(Counter_1.o)
                0x000009ec                Counter_1_SetInterruptMode
 .text.Counter_1_ReadStatusRegister
                0x000009f8        0xc .\CortexM3\ARM_GCC_493\Debug\Design01.a(Counter_1.o)
                0x000009f8                Counter_1_ReadStatusRegister
 .text.Counter_1_WriteCounter
                0x00000a04        0xc .\CortexM3\ARM_GCC_493\Debug\Design01.a(Counter_1.o)
                0x00000a04                Counter_1_WriteCounter
 .text.Counter_1_ReadCounter
                0x00000a10       0x14 .\CortexM3\ARM_GCC_493\Debug\Design01.a(Counter_1.o)
                0x00000a10                Counter_1_ReadCounter
 .text.Counter_1_ReadCapture
                0x00000a24        0xc .\CortexM3\ARM_GCC_493\Debug\Design01.a(Counter_1.o)
                0x00000a24                Counter_1_ReadCapture
 .text.Counter_1_WritePeriod
                0x00000a30        0xc .\CortexM3\ARM_GCC_493\Debug\Design01.a(Counter_1.o)
                0x00000a30                Counter_1_WritePeriod
 .text.Counter_1_WriteCompare
                0x00000a3c        0xc .\CortexM3\ARM_GCC_493\Debug\Design01.a(Counter_1.o)
                0x00000a3c                Counter_1_WriteCompare
 .text.Counter_1_ClearFIFO
                0x00000a48       0x14 .\CortexM3\ARM_GCC_493\Debug\Design01.a(Counter_1.o)
                0x00000a48                Counter_1_ClearFIFO
 .text.Counter_1_Init
                0x00000a5c       0x58 .\CortexM3\ARM_GCC_493\Debug\Design01.a(Counter_1.o)
                0x00000a5c                Counter_1_Init
 .text.Counter_1_Start
                0x00000ab4       0x1c .\CortexM3\ARM_GCC_493\Debug\Design01.a(Counter_1.o)
                0x00000ab4                Counter_1_Start
 .text.LCD_WrCntrlNib
                0x00000ad0       0x34 .\CortexM3\ARM_GCC_493\Debug\Design01.a(LCD.o)
 .text.LCD_WrDatNib
                0x00000b04       0x44 .\CortexM3\ARM_GCC_493\Debug\Design01.a(LCD.o)
 .text.LCD_IsReady
                0x00000b48       0xe4 .\CortexM3\ARM_GCC_493\Debug\Design01.a(LCD.o)
                0x00000b48                LCD_IsReady
 .text.LCD_WriteData
                0x00000c2c       0x18 .\CortexM3\ARM_GCC_493\Debug\Design01.a(LCD.o)
                0x00000c2c                LCD_WriteData
 .text.LCD_PrintString
                0x00000c44       0x1c .\CortexM3\ARM_GCC_493\Debug\Design01.a(LCD.o)
                0x00000c44                LCD_PrintString
 .text.LCD_PutChar
                0x00000c60        0x8 .\CortexM3\ARM_GCC_493\Debug\Design01.a(LCD.o)
                0x00000c60                LCD_PutChar
 .text.LCD_WriteControl
                0x00000c68       0x18 .\CortexM3\ARM_GCC_493\Debug\Design01.a(LCD.o)
                0x00000c68                LCD_WriteControl
 .text.LCD_Init
                0x00000c80       0x6c .\CortexM3\ARM_GCC_493\Debug\Design01.a(LCD.o)
                0x00000c80                LCD_Init
 .text.LCD_Enable
                0x00000cec       0x14 .\CortexM3\ARM_GCC_493\Debug\Design01.a(LCD.o)
                0x00000cec                LCD_Enable
 .text.LCD_Start
                0x00000d00       0x1c .\CortexM3\ARM_GCC_493\Debug\Design01.a(LCD.o)
                0x00000d00                LCD_Start
 .text.LCD_Position
                0x00000d1c       0x3c .\CortexM3\ARM_GCC_493\Debug\Design01.a(LCD.o)
                0x00000d1c                LCD_Position
 .text.LCD_PrintU32Number
                0x00000d58       0x60 .\CortexM3\ARM_GCC_493\Debug\Design01.a(LCD.o)
                0x00000d58                LCD_PrintU32Number
 .text.CyDelay  0x00000db8       0x2c .\CortexM3\ARM_GCC_493\Debug\Design01.a(CyLib.o)
                0x00000db8                CyDelay
 .text.CyDelayUs
                0x00000de4       0x14 .\CortexM3\ARM_GCC_493\Debug\Design01.a(CyLib.o)
                0x00000de4                CyDelayUs
 .text.isr_1_SetVector
                0x00000df8        0xc .\CortexM3\ARM_GCC_493\Debug\Design01.a(isr_1.o)
                0x00000df8                isr_1_SetVector
 .text.isr_1_SetPriority
                0x00000e04       0x10 .\CortexM3\ARM_GCC_493\Debug\Design01.a(isr_1.o)
                0x00000e04                isr_1_SetPriority
 .text.isr_1_Enable
                0x00000e14        0xc .\CortexM3\ARM_GCC_493\Debug\Design01.a(isr_1.o)
                0x00000e14                isr_1_Enable
 .text.isr_1_Disable
                0x00000e20        0xc .\CortexM3\ARM_GCC_493\Debug\Design01.a(isr_1.o)
                0x00000e20                isr_1_Disable
 .text.isr_1_StartEx
                0x00000e2c       0x1c .\CortexM3\ARM_GCC_493\Debug\Design01.a(isr_1.o)
                0x00000e2c                isr_1_StartEx
 .text.isr_4_SetVector
                0x00000e48        0xc .\CortexM3\ARM_GCC_493\Debug\Design01.a(isr_4.o)
                0x00000e48                isr_4_SetVector
 .text.isr_4_SetPriority
                0x00000e54       0x10 .\CortexM3\ARM_GCC_493\Debug\Design01.a(isr_4.o)
                0x00000e54                isr_4_SetPriority
 .text.isr_4_Enable
                0x00000e64        0xc .\CortexM3\ARM_GCC_493\Debug\Design01.a(isr_4.o)
                0x00000e64                isr_4_Enable
 .text.isr_4_Disable
                0x00000e70        0xc .\CortexM3\ARM_GCC_493\Debug\Design01.a(isr_4.o)
                0x00000e70                isr_4_Disable
 .text.isr_4_StartEx
                0x00000e7c       0x1c .\CortexM3\ARM_GCC_493\Debug\Design01.a(isr_4.o)
                0x00000e7c                isr_4_StartEx
 .text.Counter_2_Enable
                0x00000e98       0x10 .\CortexM3\ARM_GCC_493\Debug\Design01.a(Counter_2.o)
                0x00000e98                Counter_2_Enable
 .text.Counter_2_Stop
                0x00000ea8       0x10 .\CortexM3\ARM_GCC_493\Debug\Design01.a(Counter_2.o)
                0x00000ea8                Counter_2_Stop
 .text.Counter_2_SetInterruptMode
                0x00000eb8        0xc .\CortexM3\ARM_GCC_493\Debug\Design01.a(Counter_2.o)
                0x00000eb8                Counter_2_SetInterruptMode
 .text.Counter_2_ReadStatusRegister
                0x00000ec4        0xc .\CortexM3\ARM_GCC_493\Debug\Design01.a(Counter_2.o)
                0x00000ec4                Counter_2_ReadStatusRegister
 .text.Counter_2_WriteCounter
                0x00000ed0        0xc .\CortexM3\ARM_GCC_493\Debug\Design01.a(Counter_2.o)
                0x00000ed0                Counter_2_WriteCounter
 .text.Counter_2_ReadCounter
                0x00000edc       0x14 .\CortexM3\ARM_GCC_493\Debug\Design01.a(Counter_2.o)
                0x00000edc                Counter_2_ReadCounter
 .text.Counter_2_ReadCapture
                0x00000ef0        0xc .\CortexM3\ARM_GCC_493\Debug\Design01.a(Counter_2.o)
                0x00000ef0                Counter_2_ReadCapture
 .text.Counter_2_WritePeriod
                0x00000efc        0xc .\CortexM3\ARM_GCC_493\Debug\Design01.a(Counter_2.o)
                0x00000efc                Counter_2_WritePeriod
 .text.Counter_2_WriteCompare
                0x00000f08        0xc .\CortexM3\ARM_GCC_493\Debug\Design01.a(Counter_2.o)
                0x00000f08                Counter_2_WriteCompare
 .text.Counter_2_ClearFIFO
                0x00000f14       0x14 .\CortexM3\ARM_GCC_493\Debug\Design01.a(Counter_2.o)
                0x00000f14                Counter_2_ClearFIFO
 .text.Counter_2_Init
                0x00000f28       0x58 .\CortexM3\ARM_GCC_493\Debug\Design01.a(Counter_2.o)
                0x00000f28                Counter_2_Init
 .text.Counter_2_Start
                0x00000f80       0x1c .\CortexM3\ARM_GCC_493\Debug\Design01.a(Counter_2.o)
                0x00000f80                Counter_2_Start
 .text.Pin_A1_Write
                0x00000f9c       0x18 .\CortexM3\ARM_GCC_493\Debug\Design01.a(Pin_A1.o)
                0x00000f9c                Pin_A1_Write
 .text.Pin_A2_Write
                0x00000fb4       0x18 .\CortexM3\ARM_GCC_493\Debug\Design01.a(Pin_A2.o)
                0x00000fb4                Pin_A2_Write
 .text.Pin_B1_Write
                0x00000fcc       0x18 .\CortexM3\ARM_GCC_493\Debug\Design01.a(Pin_B1.o)
                0x00000fcc                Pin_B1_Write
 .text.Pin_B2_Write
                0x00000fe4       0x18 .\CortexM3\ARM_GCC_493\Debug\Design01.a(Pin_B2.o)
                0x00000fe4                Pin_B2_Write
 .text.isr_5_SetVector
                0x00000ffc        0xc .\CortexM3\ARM_GCC_493\Debug\Design01.a(isr_5.o)
                0x00000ffc                isr_5_SetVector
 .text.isr_5_SetPriority
                0x00001008       0x10 .\CortexM3\ARM_GCC_493\Debug\Design01.a(isr_5.o)
                0x00001008                isr_5_SetPriority
 .text.isr_5_Enable
                0x00001018        0xc .\CortexM3\ARM_GCC_493\Debug\Design01.a(isr_5.o)
                0x00001018                isr_5_Enable
 .text.isr_5_Disable
                0x00001024        0xc .\CortexM3\ARM_GCC_493\Debug\Design01.a(isr_5.o)
                0x00001024                isr_5_Disable
 .text.isr_5_StartEx
                0x00001030       0x1c .\CortexM3\ARM_GCC_493\Debug\Design01.a(isr_5.o)
                0x00001030                isr_5_StartEx
 .text.Pin_A1_1_Write
                0x0000104c       0x18 .\CortexM3\ARM_GCC_493\Debug\Design01.a(Pin_A1_1.o)
                0x0000104c                Pin_A1_1_Write
 .text.Pin_A2_1_Write
                0x00001064       0x18 .\CortexM3\ARM_GCC_493\Debug\Design01.a(Pin_A2_1.o)
                0x00001064                Pin_A2_1_Write
 .text.Pin_B1_1_Write
                0x0000107c       0x18 .\CortexM3\ARM_GCC_493\Debug\Design01.a(Pin_B1_1.o)
                0x0000107c                Pin_B1_1_Write
 .text.Pin_B2_1_Write
                0x00001094       0x18 .\CortexM3\ARM_GCC_493\Debug\Design01.a(Pin_B2_1.o)
                0x00001094                Pin_B2_1_Write
 *fill*         0x000010ac        0x4 
 .text          0x000010b0       0x20 .\CortexM3\ARM_GCC_493\Debug\Design01.a(CyBootAsmGnu.o)
                0x000010b0                CyDelayCycles
                0x000010c0                CyEnterCriticalSection
                0x000010c8                CyExitCriticalSection
 .text          0x000010d0      0x370 d:/program files (x86)/cypress/psoc creator/4.0/psoc creator/import/gnu/arm/4.9.3/bin/../lib/gcc/arm-none-eabi/4.9.3/armv7-m\libgcc.a(_arm_addsubdf3.o)
                0x000010d0                __aeabi_drsub
                0x000010d8                __aeabi_dsub
                0x000010d8                __subdf3
                0x000010dc                __aeabi_dadd
                0x000010dc                __adddf3
                0x00001354                __floatunsidf
                0x00001354                __aeabi_ui2d
                0x00001374                __floatsidf
                0x00001374                __aeabi_i2d
                0x00001398                __aeabi_f2d
                0x00001398                __extendsfdf2
                0x000013d4                __floatundidf
                0x000013d4                __aeabi_ul2d
                0x000013e4                __floatdidf
                0x000013e4                __aeabi_l2d
 .text          0x00001440      0x424 d:/program files (x86)/cypress/psoc creator/4.0/psoc creator/import/gnu/arm/4.9.3/bin/../lib/gcc/arm-none-eabi/4.9.3/armv7-m\libgcc.a(_arm_muldivdf3.o)
                0x00001440                __aeabi_dmul
                0x00001440                __muldf3
                0x00001694                __divdf3
                0x00001694                __aeabi_ddiv
 .text          0x00001864       0xa0 d:/program files (x86)/cypress/psoc creator/4.0/psoc creator/import/gnu/arm/4.9.3/bin/../lib/gcc/arm-none-eabi/4.9.3/armv7-m\libgcc.a(_arm_truncdfsf2.o)
                0x00001864                __truncdfsf2
                0x00001864                __aeabi_d2f
 .text          0x00001904      0x21c d:/program files (x86)/cypress/psoc creator/4.0/psoc creator/import/gnu/arm/4.9.3/bin/../lib/gcc/arm-none-eabi/4.9.3/armv7-m\libgcc.a(_arm_addsubsf3.o)
                0x00001904                __aeabi_frsub
                0x0000190c                __subsf3
                0x0000190c                __aeabi_fsub
                0x00001910                __aeabi_fadd
                0x00001910                __addsf3
                0x00001a70                __aeabi_ui2f
                0x00001a70                __floatunsisf
                0x00001a78                __aeabi_i2f
                0x00001a78                __floatsisf
                0x00001a94                __aeabi_ul2f
                0x00001a94                __floatundisf
                0x00001aa4                __aeabi_l2f
                0x00001aa4                __floatdisf
 .text          0x00001b20      0x2a0 d:/program files (x86)/cypress/psoc creator/4.0/psoc creator/import/gnu/arm/4.9.3/bin/../lib/gcc/arm-none-eabi/4.9.3/armv7-m\libgcc.a(_arm_muldivsf3.o)
                0x00001b20                __mulsf3
                0x00001b20                __aeabi_fmul
                0x00001c88                __aeabi_fdiv
                0x00001c88                __divsf3
 .text          0x00001dc0       0xec d:/program files (x86)/cypress/psoc creator/4.0/psoc creator/import/gnu/arm/4.9.3/bin/../lib/gcc/arm-none-eabi/4.9.3/armv7-m\libgcc.a(_arm_cmpsf2.o)
                0x00001dc0                __gesf2
                0x00001dc0                __gtsf2
                0x00001dc8                __lesf2
                0x00001dc8                __ltsf2
                0x00001dd0                __nesf2
                0x00001dd0                __eqsf2
                0x00001dd0                __cmpsf2
                0x00001e30                __aeabi_cfrcmple
                0x00001e38                __aeabi_cfcmpeq
                0x00001e38                __aeabi_cfcmple
                0x00001e48                __aeabi_fcmpeq
                0x00001e5c                __aeabi_fcmplt
                0x00001e70                __aeabi_fcmple
                0x00001e84                __aeabi_fcmpge
                0x00001e98                __aeabi_fcmpgt
 .text          0x00001eac       0x4c d:/program files (x86)/cypress/psoc creator/4.0/psoc creator/import/gnu/arm/4.9.3/bin/../lib/gcc/arm-none-eabi/4.9.3/armv7-m\libgcc.a(_arm_fixsfsi.o)
                0x00001eac                __aeabi_f2iz
                0x00001eac                __fixsfsi
 .text          0x00001ef8       0x40 d:/program files (x86)/cypress/psoc creator/4.0/psoc creator/import/gnu/arm/4.9.3/bin/../lib/gcc/arm-none-eabi/4.9.3/armv7-m\libgcc.a(_arm_fixunssfsi.o)
                0x00001ef8                __fixunssfsi
                0x00001ef8                __aeabi_f2uiz
 .text.__errno  0x00001f38        0xc d:/program files (x86)/cypress/psoc creator/4.0/psoc creator/import/gnu/arm/4.9.3/bin/../lib/gcc/arm-none-eabi/4.9.3/../../../../arm-none-eabi/lib/armv7-m\libg_nano.a(lib_a-errno.o)
                0x00001f38                __errno
 .text.__libc_init_array
                0x00001f44       0x4c d:/program files (x86)/cypress/psoc creator/4.0/psoc creator/import/gnu/arm/4.9.3/bin/../lib/gcc/arm-none-eabi/4.9.3/../../../../arm-none-eabi/lib/armv7-m\libg_nano.a(lib_a-init.o)
                0x00001f44                __libc_init_array
 .text.memcpy   0x00001f90       0x16 d:/program files (x86)/cypress/psoc creator/4.0/psoc creator/import/gnu/arm/4.9.3/bin/../lib/gcc/arm-none-eabi/4.9.3/../../../../arm-none-eabi/lib/armv7-m\libg_nano.a(lib_a-memcpy.o)
                0x00001f90                memcpy
 .text.memset   0x00001fa6       0x10 d:/program files (x86)/cypress/psoc creator/4.0/psoc creator/import/gnu/arm/4.9.3/bin/../lib/gcc/arm-none-eabi/4.9.3/../../../../arm-none-eabi/lib/armv7-m\libg_nano.a(lib_a-memset.o)
                0x00001fa6                memset
 *(.plt)
 *(.gnu.warning)
 *(.glue_7t)
 .glue_7t       0x00000000        0x0 linker stubs
 *(.glue_7)
 .glue_7        0x00000000        0x0 linker stubs
 *(.vfp11_veneer)
 .vfp11_veneer  0x00000000        0x0 linker stubs
 *(.bootloader)
 *(.ARM.extab* .gnu.linkonce.armextab.*)
 *(.gcc_except_table)

.v4_bx          0x00001fb8        0x0
 .v4_bx         0x00000000        0x0 linker stubs

.iplt           0x00001fb8        0x0
 .iplt          0x00000000        0x0 d:/program files (x86)/cypress/psoc creator/4.0/psoc creator/import/gnu/arm/4.9.3/bin/../lib/gcc/arm-none-eabi/4.9.3/armv7-m/crtbegin.o

.eh_frame_hdr
 *(.eh_frame_hdr)

.eh_frame       0x00001fb8        0x4
 *(.eh_frame)
 .eh_frame      0x00001fb8        0x0 d:/program files (x86)/cypress/psoc creator/4.0/psoc creator/import/gnu/arm/4.9.3/bin/../lib/gcc/arm-none-eabi/4.9.3/armv7-m/crtbegin.o
 .eh_frame      0x00001fb8        0x4 d:/program files (x86)/cypress/psoc creator/4.0/psoc creator/import/gnu/arm/4.9.3/bin/../lib/gcc/arm-none-eabi/4.9.3/armv7-m/crtend.o
                0x00001fbc                PROVIDE (__exidx_start, .)

.ARM.exidx
 *(.ARM.exidx* .gnu.linkonce.armexidx.*)
                0x00001fbc                __exidx_end = .

.rodata         0x00001fbc       0x7c
 *(.rodata .rodata.* .gnu.linkonce.r.*)
 .rodata.str1.4
                0x00001fbc       0x18 .\CortexM3\ARM_GCC_493\Debug\main.o
 .rodata        0x00001fd4       0x2c .\CortexM3\ARM_GCC_493\Debug\Design01.a(cyfitter_cfg.o)
 .rodata.str1.1
                0x00002000        0x2 d:/program files (x86)/cypress/psoc creator/4.0/psoc creator/import/gnu/arm/4.9.3/bin/../lib/gcc/arm-none-eabi/4.9.3/../../../../arm-none-eabi/lib/armv7-m\libg_nano.a(lib_a-impure.o)
                0x00002004                . = ALIGN (0x4)
 *fill*         0x00002002        0x2 
 *(.init)
 .init          0x00002004        0x4 d:/program files (x86)/cypress/psoc creator/4.0/psoc creator/import/gnu/arm/4.9.3/bin/../lib/gcc/arm-none-eabi/4.9.3/armv7-m/crti.o
                0x00002004                _init
 .init          0x00002008        0x8 d:/program files (x86)/cypress/psoc creator/4.0/psoc creator/import/gnu/arm/4.9.3/bin/../lib/gcc/arm-none-eabi/4.9.3/armv7-m/crtn.o
                0x00002010                . = ALIGN (0x4)
                0x00002010                __preinit_array_start = .
 *(.preinit_array)
                0x00002010                __preinit_array_end = .
                0x00002010                . = ALIGN (0x4)
                0x00002010                __init_array_start = .
 *(SORT(.init_array.*))
 *(.init_array)
 .init_array    0x00002010        0x4 d:/program files (x86)/cypress/psoc creator/4.0/psoc creator/import/gnu/arm/4.9.3/bin/../lib/gcc/arm-none-eabi/4.9.3/armv7-m/crtbegin.o
 .init_array    0x00002014        0x4 .\CortexM3\ARM_GCC_493\Debug\Cm3Start.o
                0x00002018                __init_array_end = .
                0x00002018                . = ALIGN (0x4)
 *(.fini)
 .fini          0x00002018        0x4 d:/program files (x86)/cypress/psoc creator/4.0/psoc creator/import/gnu/arm/4.9.3/bin/../lib/gcc/arm-none-eabi/4.9.3/armv7-m/crti.o
                0x00002018                _fini
 .fini          0x0000201c        0x8 d:/program files (x86)/cypress/psoc creator/4.0/psoc creator/import/gnu/arm/4.9.3/bin/../lib/gcc/arm-none-eabi/4.9.3/armv7-m/crtn.o
                0x00002024                . = ALIGN (0x4)
                0x00002024                __fini_array_start = .
 *(.fini_array)
 .fini_array    0x00002024        0x4 d:/program files (x86)/cypress/psoc creator/4.0/psoc creator/import/gnu/arm/4.9.3/bin/../lib/gcc/arm-none-eabi/4.9.3/armv7-m/crtbegin.o
 *(SORT(.fini_array.*))
                0x00002028                __fini_array_end = .
                0x00002028                . = ALIGN (0x4)
 *crtbegin.o(.ctors)
 *(EXCLUDE_FILE(*crtend.o) .ctors)
 *(SORT(.ctors.*))
 *crtend.o(.ctors)
                0x00002028                . = ALIGN (0x4)
 *crtbegin.o(.dtors)
 *(EXCLUDE_FILE(*crtend.o) .dtors)
 *(SORT(.dtors.*))
 *crtend.o(.dtors)
                0x00002028                . = ALIGN (0x4)
                0x00002028                __cy_regions = .
                0x00002028        0x4 LONG 0x2038 __cy_region_init_ram
                0x0000202c        0x4 LONG 0x1fff8108 __cy_region_start_data
                0x00002030        0x4 LONG 0xe8 __cy_region_init_size_ram
                0x00002034        0x4 LONG 0xd0 __cy_region_zero_size_ram
                0x00002038                __cy_regions_end = .
                0x00002038                . = ALIGN (0x8)
                0x00002038                _etext = .

.cy_checksum_exclude
                0x00002038        0x0
 *(.cy_checksum_exclude)

.ramvectors     0x1fff8000      0x100
                0x1fff8000                __cy_region_start_ram = .
 *(.ramvectors)
 .ramvectors    0x1fff8000      0x100 .\CortexM3\ARM_GCC_493\Debug\Cm3Start.o
                0x1fff8000                CyRamVectors

.noinit         0x1fff8100        0x5
 *(.noinit)
 .noinit        0x1fff8100        0x4 .\CortexM3\ARM_GCC_493\Debug\Cm3Start.o
 .noinit        0x1fff8104        0x1 .\CortexM3\ARM_GCC_493\Debug\Design01.a(CyLib.o)
                0x1fff8104                CyResetStatus

.data           0x1fff8108       0xe8 load address 0x00002038
                0x1fff8108                __cy_region_start_data = .
 *(.jcr)
 .jcr           0x1fff8108        0x0 d:/program files (x86)/cypress/psoc creator/4.0/psoc creator/import/gnu/arm/4.9.3/bin/../lib/gcc/arm-none-eabi/4.9.3/armv7-m/crtbegin.o
 .jcr           0x1fff8108        0x4 d:/program files (x86)/cypress/psoc creator/4.0/psoc creator/import/gnu/arm/4.9.3/bin/../lib/gcc/arm-none-eabi/4.9.3/armv7-m/crtend.o
 *(.got.plt)
 *(.got)
 *(.shdata)
 *(.data .data.* .gnu.linkonce.d.*)
 .data          0x1fff810c       0x6c .\CortexM3\ARM_GCC_493\Debug\main.o
                0x1fff810c                delay
                0x1fff8110                yaw_table
                0x1fff813c                no_of_steps
                0x1fff8140                prev_yaw_index
                0x1fff8144                pitch_table
                0x1fff8170                prev_pitch_index
                0x1fff8174                pitch_limit
 .data          0x1fff8178       0x10 .\CortexM3\ARM_GCC_493\Debug\Design01.a(CyLib.o)
                0x1fff8178                cydelay_32k_ms
                0x1fff817c                cydelay_freq_khz
                0x1fff8180                cydelay_freq_mhz
                0x1fff8184                cydelay_freq_hz
 .data.impure_data
                0x1fff8188       0x60 d:/program files (x86)/cypress/psoc creator/4.0/psoc creator/import/gnu/arm/4.9.3/bin/../lib/gcc/arm-none-eabi/4.9.3/../../../../arm-none-eabi/lib/armv7-m\libg_nano.a(lib_a-impure.o)
 .data._impure_ptr
                0x1fff81e8        0x4 d:/program files (x86)/cypress/psoc creator/4.0/psoc creator/import/gnu/arm/4.9.3/bin/../lib/gcc/arm-none-eabi/4.9.3/../../../../arm-none-eabi/lib/armv7-m\libg_nano.a(lib_a-impure.o)
                0x1fff81e8                _impure_ptr
                0x1fff81f0                . = ALIGN (0x8)
 *fill*         0x1fff81ec        0x4 
 *(.ram)
                0x1fff81f0                _edata = .

.igot.plt       0x1fff81f0        0x0 load address 0x00002120
 .igot.plt      0x00000000        0x0 d:/program files (x86)/cypress/psoc creator/4.0/psoc creator/import/gnu/arm/4.9.3/bin/../lib/gcc/arm-none-eabi/4.9.3/armv7-m/crtbegin.o

.bss            0x1fff81f0       0xd0 load address 0x00002120
                0x1fff81f0                PROVIDE (__bss_start__, .)
 *(.shbss)
 *(.bss .bss.* .gnu.linkonce.b.*)
 .bss           0x1fff81f0       0x1c d:/program files (x86)/cypress/psoc creator/4.0/psoc creator/import/gnu/arm/4.9.3/bin/../lib/gcc/arm-none-eabi/4.9.3/armv7-m/crtbegin.o
 .bss           0x1fff820c       0x30 .\CortexM3\ARM_GCC_493\Debug\main.o
                0x1fff820c                hall_sensor_flag
                0x1fff8210                hall_count
                0x1fff8214                count
                0x1fff8218                distance
                0x1fff821c                prev_distance
                0x1fff8220                sensor_delay_count
                0x1fff8224                yaw_index
                0x1fff8228                move_steps
                0x1fff822c                pitch_index
                0x1fff8230                pitch_no_of_steps
                0x1fff8234                pitch_move_steps
                0x1fff8238                ccw_flag
                0x1fff823a                cw_flag
 .bss           0x1fff823c        0x1 .\CortexM3\ARM_GCC_493\Debug\Design01.a(Counter_1.o)
                0x1fff823c                Counter_1_initVar
 .bss           0x1fff823d        0x2 .\CortexM3\ARM_GCC_493\Debug\Design01.a(LCD.o)
                0x1fff823d                LCD_enableState
                0x1fff823e                LCD_initVar
 .bss           0x1fff823f        0x1 .\CortexM3\ARM_GCC_493\Debug\Design01.a(Counter_2.o)
                0x1fff823f                Counter_2_initVar
 *(COMMON)
 COMMON         0x1fff8240       0x7c .\CortexM3\ARM_GCC_493\Debug\main.o
                0x1fff8240                bad_event_array
                0x1fff8268                count2
                0x1fff826c                code_trace_array
                0x1fff8294                sum
                0x1fff8298                i
                0x1fff829c                lcd_string
                0x1fff82a8                difference
                0x1fff82ac                distance2
                0x1fff82b0                prev_distance2
                0x1fff82b4                percent_good_counts
                0x1fff82b8                bad_dx_count
                0x1fff82c0                . = ALIGN (0x8)
 *fill*         0x1fff82bc        0x4 
 *(.ram.b)
                0x1fff82c0                _end = .
                0x1fff82c0                __end = .
                0x1fff82c0                PROVIDE (end, .)
                0x1fff82c0                PROVIDE (__bss_end__, .)
                0x00002038                __cy_region_init_ram = LOADADDR (.data)
                0x000000e8                __cy_region_init_size_ram = (_edata - ADDR (.data))
                0x000000d0                __cy_region_zero_size_ram = (_end - _edata)

.heap           0x1fff82c0       0x80 load address 0x00002120
                0x1fff82c0                . = _end
                0x1fff8340                . = (. + 0x80)
 *fill*         0x1fff82c0       0x80 
                0x1fff8340                __cy_heap_limit = .

.stack          0x20007800      0x800
                0x20007800                __cy_stack_limit = .
                0x20008000                . = (. + 0x800)
 *fill*         0x20007800      0x800 
                0x00000001                ASSERT ((__cy_stack_limit >= __cy_heap_limit), region RAM overflowed with stack)
                0x00000000                cy_checksum_exclude_size = (CY_APPL_LOADABLE == 0x1)?SIZEOF (.cy_checksum_exclude):0x0
                0x00000001                ASSERT ((cy_checksum_exclude_size <= CY_CHECKSUM_EXCLUDE_SIZE), CY_BOOT: Section .cy_checksum_exclude size exceedes specified limit.)

.cyloadermeta
 *(.cyloadermeta)

.cyloadablemeta
 *(.cyloadablemeta)

.cyconfigecc    0x80000000      0x3fc
 *(.cyconfigecc)
 .cyconfigecc   0x80000000      0x3fc .\CortexM3\ARM_GCC_493\Debug\cymetadata.o
                0x80000000                cy_meta_configecc

.cycustnvl      0x90000000        0x4
 *(.cycustnvl)
 .cycustnvl     0x90000000        0x4 .\CortexM3\ARM_GCC_493\Debug\cymetadata.o
                0x90000000                cy_meta_custnvl

.cywolatch      0x90100000        0x4
 *(.cywolatch)
 .cywolatch     0x90100000        0x4 .\CortexM3\ARM_GCC_493\Debug\cymetadata.o
                0x90100000                cy_meta_wonvl

.cyeeprom       0x90200000        0x0
 *(.cyeeprom)
                0x00000001                ASSERT ((. <= ((0x90200000 + ee_offset) + ee_size)), .cyeeprom data will not fit in EEPROM)

.cyflashprotect
                0x90400000      0x100
 *(.cyflashprotect)
 .cyflashprotect
                0x90400000      0x100 .\CortexM3\ARM_GCC_493\Debug\cymetadata.o
                0x90400000                cy_meta_flashprotect

.cymeta         0x90500000        0xc
 *(.cymeta)
 .cymeta        0x90500000        0xc .\CortexM3\ARM_GCC_493\Debug\cymetadata.o
                0x90500000                cy_metadata

.rel.dyn        0x00002120        0x0 load address 0x9050000c
 .rel.iplt      0x00000000        0x0 d:/program files (x86)/cypress/psoc creator/4.0/psoc creator/import/gnu/arm/4.9.3/bin/../lib/gcc/arm-none-eabi/4.9.3/armv7-m/crtbegin.o

.stab
 *(.stab)

.stabstr
 *(.stabstr)

.debug
 *(.debug)

.line
 *(.line)

.debug_srcinfo
 *(.debug_srcinfo)

.debug_sfnames
 *(.debug_sfnames)

.debug_aranges  0x00000000      0xbc8
 *(.debug_aranges)
 .debug_aranges
                0x00000000       0xb8 .\CortexM3\ARM_GCC_493\Debug\main.o
 .debug_aranges
                0x000000b8       0x18 .\CortexM3\ARM_GCC_493\Debug\cymetadata.o
 .debug_aranges
                0x000000d0       0x48 .\CortexM3\ARM_GCC_493\Debug\Cm3Start.o
 .debug_aranges
                0x00000118       0x58 .\CortexM3\ARM_GCC_493\Debug\Design01.a(cyfitter_cfg.o)
 .debug_aranges
                0x00000170       0x80 .\CortexM3\ARM_GCC_493\Debug\Design01.a(isr_2.o)
 .debug_aranges
                0x000001f0       0x80 .\CortexM3\ARM_GCC_493\Debug\Design01.a(isr_3.o)
 .debug_aranges
                0x00000270       0x98 .\CortexM3\ARM_GCC_493\Debug\Design01.a(Counter_1.o)
 .debug_aranges
                0x00000308       0x98 .\CortexM3\ARM_GCC_493\Debug\Design01.a(LCD.o)
 .debug_aranges
                0x000003a0      0x2a0 .\CortexM3\ARM_GCC_493\Debug\Design01.a(CyLib.o)
 .debug_aranges
                0x00000640       0x98 .\CortexM3\ARM_GCC_493\Debug\Design01.a(cyPm.o)
 .debug_aranges
                0x000006d8       0x80 .\CortexM3\ARM_GCC_493\Debug\Design01.a(isr_1.o)
 .debug_aranges
                0x00000758       0x80 .\CortexM3\ARM_GCC_493\Debug\Design01.a(isr_4.o)
 .debug_aranges
                0x000007d8       0x98 .\CortexM3\ARM_GCC_493\Debug\Design01.a(Counter_2.o)
 .debug_aranges
                0x00000870       0x38 .\CortexM3\ARM_GCC_493\Debug\Design01.a(Pin_A1.o)
 .debug_aranges
                0x000008a8       0x38 .\CortexM3\ARM_GCC_493\Debug\Design01.a(Pin_A2.o)
 .debug_aranges
                0x000008e0       0x38 .\CortexM3\ARM_GCC_493\Debug\Design01.a(Pin_B1.o)
 .debug_aranges
                0x00000918       0x38 .\CortexM3\ARM_GCC_493\Debug\Design01.a(Pin_B2.o)
 .debug_aranges
                0x00000950       0x80 .\CortexM3\ARM_GCC_493\Debug\Design01.a(isr_5.o)
 .debug_aranges
                0x000009d0       0x38 .\CortexM3\ARM_GCC_493\Debug\Design01.a(Pin_A1_1.o)
 .debug_aranges
                0x00000a08       0x38 .\CortexM3\ARM_GCC_493\Debug\Design01.a(Pin_A2_1.o)
 .debug_aranges
                0x00000a40       0x38 .\CortexM3\ARM_GCC_493\Debug\Design01.a(Pin_B1_1.o)
 .debug_aranges
                0x00000a78       0x38 .\CortexM3\ARM_GCC_493\Debug\Design01.a(Pin_B2_1.o)
 .debug_aranges
                0x00000ab0       0x20 .\CortexM3\ARM_GCC_493\Debug\Design01.a(CyBootAsmGnu.o)
 .debug_aranges
                0x00000ad0       0x80 .\CortexM3\ARM_GCC_493\Debug\Design01.a(CyFlash.o)
 .debug_aranges
                0x00000b50       0x78 .\CortexM3\ARM_GCC_493\Debug\Design01.a(CySpc.o)

.debug_pubnames
 *(.debug_pubnames)

.debug_info     0x00000000     0x658b
 *(.debug_info .gnu.linkonce.wi.*)
 .debug_info    0x00000000      0xd56 .\CortexM3\ARM_GCC_493\Debug\main.o
 .debug_info    0x00000d56      0x13b .\CortexM3\ARM_GCC_493\Debug\cymetadata.o
 .debug_info    0x00000e91      0x3b3 .\CortexM3\ARM_GCC_493\Debug\Cm3Start.o
 .debug_info    0x00001244      0x542 .\CortexM3\ARM_GCC_493\Debug\Design01.a(cyfitter_cfg.o)
 .debug_info    0x00001786      0x2cb .\CortexM3\ARM_GCC_493\Debug\Design01.a(isr_2.o)
 .debug_info    0x00001a51      0x2cb .\CortexM3\ARM_GCC_493\Debug\Design01.a(isr_3.o)
 .debug_info    0x00001d1c      0x33f .\CortexM3\ARM_GCC_493\Debug\Design01.a(Counter_1.o)
 .debug_info    0x0000205b      0x716 .\CortexM3\ARM_GCC_493\Debug\Design01.a(LCD.o)
 .debug_info    0x00002771     0x1385 .\CortexM3\ARM_GCC_493\Debug\Design01.a(CyLib.o)
 .debug_info    0x00003af6      0xa57 .\CortexM3\ARM_GCC_493\Debug\Design01.a(cyPm.o)
 .debug_info    0x0000454d      0x2cb .\CortexM3\ARM_GCC_493\Debug\Design01.a(isr_1.o)
 .debug_info    0x00004818      0x2cb .\CortexM3\ARM_GCC_493\Debug\Design01.a(isr_4.o)
 .debug_info    0x00004ae3      0x33f .\CortexM3\ARM_GCC_493\Debug\Design01.a(Counter_2.o)
 .debug_info    0x00004e22      0x11f .\CortexM3\ARM_GCC_493\Debug\Design01.a(Pin_A1.o)
 .debug_info    0x00004f41      0x11f .\CortexM3\ARM_GCC_493\Debug\Design01.a(Pin_A2.o)
 .debug_info    0x00005060      0x11f .\CortexM3\ARM_GCC_493\Debug\Design01.a(Pin_B1.o)
 .debug_info    0x0000517f      0x11f .\CortexM3\ARM_GCC_493\Debug\Design01.a(Pin_B2.o)
 .debug_info    0x0000529e      0x2cb .\CortexM3\ARM_GCC_493\Debug\Design01.a(isr_5.o)
 .debug_info    0x00005569      0x11f .\CortexM3\ARM_GCC_493\Debug\Design01.a(Pin_A1_1.o)
 .debug_info    0x00005688      0x11f .\CortexM3\ARM_GCC_493\Debug\Design01.a(Pin_A2_1.o)
 .debug_info    0x000057a7      0x11f .\CortexM3\ARM_GCC_493\Debug\Design01.a(Pin_B1_1.o)
 .debug_info    0x000058c6      0x11f .\CortexM3\ARM_GCC_493\Debug\Design01.a(Pin_B2_1.o)
 .debug_info    0x000059e5       0xb4 .\CortexM3\ARM_GCC_493\Debug\Design01.a(CyBootAsmGnu.o)
 .debug_info    0x00005a99      0x608 .\CortexM3\ARM_GCC_493\Debug\Design01.a(CyFlash.o)
 .debug_info    0x000060a1      0x4ea .\CortexM3\ARM_GCC_493\Debug\Design01.a(CySpc.o)

.debug_abbrev   0x00000000     0x1e10
 *(.debug_abbrev)
 .debug_abbrev  0x00000000      0x1d9 .\CortexM3\ARM_GCC_493\Debug\main.o
 .debug_abbrev  0x000001d9       0x66 .\CortexM3\ARM_GCC_493\Debug\cymetadata.o
 .debug_abbrev  0x0000023f      0x1f7 .\CortexM3\ARM_GCC_493\Debug\Cm3Start.o
 .debug_abbrev  0x00000436      0x203 .\CortexM3\ARM_GCC_493\Debug\Design01.a(cyfitter_cfg.o)
 .debug_abbrev  0x00000639      0x173 .\CortexM3\ARM_GCC_493\Debug\Design01.a(isr_2.o)
 .debug_abbrev  0x000007ac      0x173 .\CortexM3\ARM_GCC_493\Debug\Design01.a(isr_3.o)
 .debug_abbrev  0x0000091f      0x131 .\CortexM3\ARM_GCC_493\Debug\Design01.a(Counter_1.o)
 .debug_abbrev  0x00000a50      0x171 .\CortexM3\ARM_GCC_493\Debug\Design01.a(LCD.o)
 .debug_abbrev  0x00000bc1      0x296 .\CortexM3\ARM_GCC_493\Debug\Design01.a(CyLib.o)
 .debug_abbrev  0x00000e57      0x1ed .\CortexM3\ARM_GCC_493\Debug\Design01.a(cyPm.o)
 .debug_abbrev  0x00001044      0x173 .\CortexM3\ARM_GCC_493\Debug\Design01.a(isr_1.o)
 .debug_abbrev  0x000011b7      0x173 .\CortexM3\ARM_GCC_493\Debug\Design01.a(isr_4.o)
 .debug_abbrev  0x0000132a      0x131 .\CortexM3\ARM_GCC_493\Debug\Design01.a(Counter_2.o)
 .debug_abbrev  0x0000145b       0x90 .\CortexM3\ARM_GCC_493\Debug\Design01.a(Pin_A1.o)
 .debug_abbrev  0x000014eb       0x90 .\CortexM3\ARM_GCC_493\Debug\Design01.a(Pin_A2.o)
 .debug_abbrev  0x0000157b       0x90 .\CortexM3\ARM_GCC_493\Debug\Design01.a(Pin_B1.o)
 .debug_abbrev  0x0000160b       0x90 .\CortexM3\ARM_GCC_493\Debug\Design01.a(Pin_B2.o)
 .debug_abbrev  0x0000169b      0x173 .\CortexM3\ARM_GCC_493\Debug\Design01.a(isr_5.o)
 .debug_abbrev  0x0000180e       0x90 .\CortexM3\ARM_GCC_493\Debug\Design01.a(Pin_A1_1.o)
 .debug_abbrev  0x0000189e       0x90 .\CortexM3\ARM_GCC_493\Debug\Design01.a(Pin_A2_1.o)
 .debug_abbrev  0x0000192e       0x90 .\CortexM3\ARM_GCC_493\Debug\Design01.a(Pin_B1_1.o)
 .debug_abbrev  0x000019be       0x90 .\CortexM3\ARM_GCC_493\Debug\Design01.a(Pin_B2_1.o)
 .debug_abbrev  0x00001a4e       0x14 .\CortexM3\ARM_GCC_493\Debug\Design01.a(CyBootAsmGnu.o)
 .debug_abbrev  0x00001a62      0x1ed .\CortexM3\ARM_GCC_493\Debug\Design01.a(CyFlash.o)
 .debug_abbrev  0x00001c4f      0x1c1 .\CortexM3\ARM_GCC_493\Debug\Design01.a(CySpc.o)

.debug_line     0x00000000     0x2891
 *(.debug_line)
 .debug_line    0x00000000      0x47e .\CortexM3\ARM_GCC_493\Debug\main.o
 .debug_line    0x0000047e       0x51 .\CortexM3\ARM_GCC_493\Debug\cymetadata.o
 .debug_line    0x000004cf      0x24f .\CortexM3\ARM_GCC_493\Debug\Cm3Start.o
 .debug_line    0x0000071e      0x1e5 .\CortexM3\ARM_GCC_493\Debug\Design01.a(cyfitter_cfg.o)
 .debug_line    0x00000903      0x132 .\CortexM3\ARM_GCC_493\Debug\Design01.a(isr_2.o)
 .debug_line    0x00000a35      0x132 .\CortexM3\ARM_GCC_493\Debug\Design01.a(isr_3.o)
 .debug_line    0x00000b67      0x189 .\CortexM3\ARM_GCC_493\Debug\Design01.a(Counter_1.o)
 .debug_line    0x00000cf0      0x1dc .\CortexM3\ARM_GCC_493\Debug\Design01.a(LCD.o)
 .debug_line    0x00000ecc      0x816 .\CortexM3\ARM_GCC_493\Debug\Design01.a(CyLib.o)
 .debug_line    0x000016e2      0x364 .\CortexM3\ARM_GCC_493\Debug\Design01.a(cyPm.o)
 .debug_line    0x00001a46      0x132 .\CortexM3\ARM_GCC_493\Debug\Design01.a(isr_1.o)
 .debug_line    0x00001b78      0x132 .\CortexM3\ARM_GCC_493\Debug\Design01.a(isr_4.o)
 .debug_line    0x00001caa      0x189 .\CortexM3\ARM_GCC_493\Debug\Design01.a(Counter_2.o)
 .debug_line    0x00001e33       0x93 .\CortexM3\ARM_GCC_493\Debug\Design01.a(Pin_A1.o)
 .debug_line    0x00001ec6       0x93 .\CortexM3\ARM_GCC_493\Debug\Design01.a(Pin_A2.o)
 .debug_line    0x00001f59       0x93 .\CortexM3\ARM_GCC_493\Debug\Design01.a(Pin_B1.o)
 .debug_line    0x00001fec       0x93 .\CortexM3\ARM_GCC_493\Debug\Design01.a(Pin_B2.o)
 .debug_line    0x0000207f      0x132 .\CortexM3\ARM_GCC_493\Debug\Design01.a(isr_5.o)
 .debug_line    0x000021b1       0x95 .\CortexM3\ARM_GCC_493\Debug\Design01.a(Pin_A1_1.o)
 .debug_line    0x00002246       0x95 .\CortexM3\ARM_GCC_493\Debug\Design01.a(Pin_A2_1.o)
 .debug_line    0x000022db       0x95 .\CortexM3\ARM_GCC_493\Debug\Design01.a(Pin_B1_1.o)
 .debug_line    0x00002370       0x95 .\CortexM3\ARM_GCC_493\Debug\Design01.a(Pin_B2_1.o)
 .debug_line    0x00002405       0x66 .\CortexM3\ARM_GCC_493\Debug\Design01.a(CyBootAsmGnu.o)
 .debug_line    0x0000246b      0x1ea .\CortexM3\ARM_GCC_493\Debug\Design01.a(CyFlash.o)
 .debug_line    0x00002655      0x23c .\CortexM3\ARM_GCC_493\Debug\Design01.a(CySpc.o)

.debug_frame    0x00000000     0x1c78
 *(.debug_frame)
 .debug_frame   0x00000000      0x23c .\CortexM3\ARM_GCC_493\Debug\main.o
 .debug_frame   0x0000023c       0xb8 .\CortexM3\ARM_GCC_493\Debug\Cm3Start.o
 .debug_frame   0x000002f4       0xe4 .\CortexM3\ARM_GCC_493\Debug\Design01.a(cyfitter_cfg.o)
 .debug_frame   0x000003d8      0x104 .\CortexM3\ARM_GCC_493\Debug\Design01.a(isr_2.o)
 .debug_frame   0x000004dc      0x104 .\CortexM3\ARM_GCC_493\Debug\Design01.a(isr_3.o)
 .debug_frame   0x000005e0      0x134 .\CortexM3\ARM_GCC_493\Debug\Design01.a(Counter_1.o)
 .debug_frame   0x00000714      0x1e4 .\CortexM3\ARM_GCC_493\Debug\Design01.a(LCD.o)
 .debug_frame   0x000008f8      0x738 .\CortexM3\ARM_GCC_493\Debug\Design01.a(CyLib.o)
 .debug_frame   0x00001030      0x1f8 .\CortexM3\ARM_GCC_493\Debug\Design01.a(cyPm.o)
 .debug_frame   0x00001228      0x104 .\CortexM3\ARM_GCC_493\Debug\Design01.a(isr_1.o)
 .debug_frame   0x0000132c      0x104 .\CortexM3\ARM_GCC_493\Debug\Design01.a(isr_4.o)
 .debug_frame   0x00001430      0x134 .\CortexM3\ARM_GCC_493\Debug\Design01.a(Counter_2.o)
 .debug_frame   0x00001564       0x50 .\CortexM3\ARM_GCC_493\Debug\Design01.a(Pin_A1.o)
 .debug_frame   0x000015b4       0x50 .\CortexM3\ARM_GCC_493\Debug\Design01.a(Pin_A2.o)
 .debug_frame   0x00001604       0x50 .\CortexM3\ARM_GCC_493\Debug\Design01.a(Pin_B1.o)
 .debug_frame   0x00001654       0x50 .\CortexM3\ARM_GCC_493\Debug\Design01.a(Pin_B2.o)
 .debug_frame   0x000016a4      0x104 .\CortexM3\ARM_GCC_493\Debug\Design01.a(isr_5.o)
 .debug_frame   0x000017a8       0x50 .\CortexM3\ARM_GCC_493\Debug\Design01.a(Pin_A1_1.o)
 .debug_frame   0x000017f8       0x50 .\CortexM3\ARM_GCC_493\Debug\Design01.a(Pin_A2_1.o)
 .debug_frame   0x00001848       0x50 .\CortexM3\ARM_GCC_493\Debug\Design01.a(Pin_B1_1.o)
 .debug_frame   0x00001898       0x50 .\CortexM3\ARM_GCC_493\Debug\Design01.a(Pin_B2_1.o)
 .debug_frame   0x000018e8      0x174 .\CortexM3\ARM_GCC_493\Debug\Design01.a(CyFlash.o)
 .debug_frame   0x00001a5c      0x160 .\CortexM3\ARM_GCC_493\Debug\Design01.a(CySpc.o)
 .debug_frame   0x00001bbc       0x20 d:/program files (x86)/cypress/psoc creator/4.0/psoc creator/import/gnu/arm/4.9.3/bin/../lib/gcc/arm-none-eabi/4.9.3/../../../../arm-none-eabi/lib/armv7-m\libg_nano.a(lib_a-errno.o)
 .debug_frame   0x00001bdc       0x28 d:/program files (x86)/cypress/psoc creator/4.0/psoc creator/import/gnu/arm/4.9.3/bin/../lib/gcc/arm-none-eabi/4.9.3/../../../../arm-none-eabi/lib/armv7-m\libg_nano.a(lib_a-exit.o)
 .debug_frame   0x00001c04       0x2c d:/program files (x86)/cypress/psoc creator/4.0/psoc creator/import/gnu/arm/4.9.3/bin/../lib/gcc/arm-none-eabi/4.9.3/../../../../arm-none-eabi/lib/armv7-m\libg_nano.a(lib_a-init.o)
 .debug_frame   0x00001c30       0x28 d:/program files (x86)/cypress/psoc creator/4.0/psoc creator/import/gnu/arm/4.9.3/bin/../lib/gcc/arm-none-eabi/4.9.3/../../../../arm-none-eabi/lib/armv7-m\libg_nano.a(lib_a-memcpy.o)
 .debug_frame   0x00001c58       0x20 d:/program files (x86)/cypress/psoc creator/4.0/psoc creator/import/gnu/arm/4.9.3/bin/../lib/gcc/arm-none-eabi/4.9.3/../../../../arm-none-eabi/lib/armv7-m\libg_nano.a(lib_a-memset.o)

.debug_str      0x00000000     0x2117
 *(.debug_str)
 .debug_str     0x00000000      0x523 .\CortexM3\ARM_GCC_493\Debug\main.o
                                0x5d4 (size before relaxing)
 .debug_str     0x00000523       0x75 .\CortexM3\ARM_GCC_493\Debug\cymetadata.o
                                0x20e (size before relaxing)
 .debug_str     0x00000598      0x14a .\CortexM3\ARM_GCC_493\Debug\Cm3Start.o
                                0x322 (size before relaxing)
 .debug_str     0x000006e2      0x154 .\CortexM3\ARM_GCC_493\Debug\Design01.a(cyfitter_cfg.o)
                                0x327 (size before relaxing)
 .debug_str     0x00000836       0xf0 .\CortexM3\ARM_GCC_493\Debug\Design01.a(isr_2.o)
                                0x2be (size before relaxing)
 .debug_str     0x00000926       0xd8 .\CortexM3\ARM_GCC_493\Debug\Design01.a(isr_3.o)
                                0x2be (size before relaxing)
 .debug_str     0x000009fe      0x1c5 .\CortexM3\ARM_GCC_493\Debug\Design01.a(Counter_1.o)
                                0x3bc (size before relaxing)
 .debug_str     0x00000bc3      0x124 .\CortexM3\ARM_GCC_493\Debug\Design01.a(LCD.o)
                                0x343 (size before relaxing)
 .debug_str     0x00000ce7      0x7df .\CortexM3\ARM_GCC_493\Debug\Design01.a(CyLib.o)
                                0xa5f (size before relaxing)
 .debug_str     0x000014c6      0x359 .\CortexM3\ARM_GCC_493\Debug\Design01.a(cyPm.o)
                                0x73f (size before relaxing)
 .debug_str     0x0000181f       0xd8 .\CortexM3\ARM_GCC_493\Debug\Design01.a(isr_1.o)
                                0x2be (size before relaxing)
 .debug_str     0x000018f7       0xd8 .\CortexM3\ARM_GCC_493\Debug\Design01.a(isr_4.o)
                                0x2be (size before relaxing)
 .debug_str     0x000019cf      0x165 .\CortexM3\ARM_GCC_493\Debug\Design01.a(Counter_2.o)
                                0x3bc (size before relaxing)
 .debug_str     0x00001b34       0x5e .\CortexM3\ARM_GCC_493\Debug\Design01.a(Pin_A1.o)
                                0x20b (size before relaxing)
 .debug_str     0x00001b92       0x53 .\CortexM3\ARM_GCC_493\Debug\Design01.a(Pin_A2.o)
                                0x20b (size before relaxing)
 .debug_str     0x00001be5       0x53 .\CortexM3\ARM_GCC_493\Debug\Design01.a(Pin_B1.o)
                                0x20b (size before relaxing)
 .debug_str     0x00001c38       0x53 .\CortexM3\ARM_GCC_493\Debug\Design01.a(Pin_B2.o)
                                0x20b (size before relaxing)
 .debug_str     0x00001c8b       0xd8 .\CortexM3\ARM_GCC_493\Debug\Design01.a(isr_5.o)
                                0x2be (size before relaxing)
 .debug_str     0x00001d63       0x5b .\CortexM3\ARM_GCC_493\Debug\Design01.a(Pin_A1_1.o)
                                0x215 (size before relaxing)
 .debug_str     0x00001dbe       0x5b .\CortexM3\ARM_GCC_493\Debug\Design01.a(Pin_A2_1.o)
                                0x215 (size before relaxing)
 .debug_str     0x00001e19       0x5b .\CortexM3\ARM_GCC_493\Debug\Design01.a(Pin_B1_1.o)
                                0x215 (size before relaxing)
 .debug_str     0x00001e74       0x5b .\CortexM3\ARM_GCC_493\Debug\Design01.a(Pin_B2_1.o)
                                0x215 (size before relaxing)
 .debug_str     0x00001ecf      0x19c .\CortexM3\ARM_GCC_493\Debug\Design01.a(CyFlash.o)
                                0x3b9 (size before relaxing)
 .debug_str     0x0000206b       0xac .\CortexM3\ARM_GCC_493\Debug\Design01.a(CySpc.o)
                                0x342 (size before relaxing)

.debug_loc      0x00000000     0x2043
 *(.debug_loc)
 .debug_loc     0x00000000      0x144 .\CortexM3\ARM_GCC_493\Debug\Cm3Start.o
 .debug_loc     0x00000144      0x1d7 .\CortexM3\ARM_GCC_493\Debug\Design01.a(cyfitter_cfg.o)
 .debug_loc     0x0000031b       0x56 .\CortexM3\ARM_GCC_493\Debug\Design01.a(isr_2.o)
 .debug_loc     0x00000371       0x56 .\CortexM3\ARM_GCC_493\Debug\Design01.a(isr_3.o)
 .debug_loc     0x000003c7       0x31 .\CortexM3\ARM_GCC_493\Debug\Design01.a(Counter_1.o)
 .debug_loc     0x000003f8      0x3c6 .\CortexM3\ARM_GCC_493\Debug\Design01.a(LCD.o)
 .debug_loc     0x000007be      0xa11 .\CortexM3\ARM_GCC_493\Debug\Design01.a(CyLib.o)
 .debug_loc     0x000011cf      0x1e4 .\CortexM3\ARM_GCC_493\Debug\Design01.a(cyPm.o)
 .debug_loc     0x000013b3       0x56 .\CortexM3\ARM_GCC_493\Debug\Design01.a(isr_1.o)
 .debug_loc     0x00001409       0x56 .\CortexM3\ARM_GCC_493\Debug\Design01.a(isr_4.o)
 .debug_loc     0x0000145f       0x31 .\CortexM3\ARM_GCC_493\Debug\Design01.a(Counter_2.o)
 .debug_loc     0x00001490       0x42 .\CortexM3\ARM_GCC_493\Debug\Design01.a(Pin_A1.o)
 .debug_loc     0x000014d2       0x42 .\CortexM3\ARM_GCC_493\Debug\Design01.a(Pin_A2.o)
 .debug_loc     0x00001514       0x42 .\CortexM3\ARM_GCC_493\Debug\Design01.a(Pin_B1.o)
 .debug_loc     0x00001556       0x42 .\CortexM3\ARM_GCC_493\Debug\Design01.a(Pin_B2.o)
 .debug_loc     0x00001598       0x56 .\CortexM3\ARM_GCC_493\Debug\Design01.a(isr_5.o)
 .debug_loc     0x000015ee       0x42 .\CortexM3\ARM_GCC_493\Debug\Design01.a(Pin_A1_1.o)
 .debug_loc     0x00001630       0x42 .\CortexM3\ARM_GCC_493\Debug\Design01.a(Pin_A2_1.o)
 .debug_loc     0x00001672       0x42 .\CortexM3\ARM_GCC_493\Debug\Design01.a(Pin_B1_1.o)
 .debug_loc     0x000016b4       0x42 .\CortexM3\ARM_GCC_493\Debug\Design01.a(Pin_B2_1.o)
 .debug_loc     0x000016f6      0x300 .\CortexM3\ARM_GCC_493\Debug\Design01.a(CyFlash.o)
 .debug_loc     0x000019f6      0x64d .\CortexM3\ARM_GCC_493\Debug\Design01.a(CySpc.o)

.debug_macinfo
 *(.debug_macinfo)

.debug_ranges   0x00000000      0xa20
 *(.debug_ranges)
 .debug_ranges  0x00000000       0xa8 .\CortexM3\ARM_GCC_493\Debug\main.o
 .debug_ranges  0x000000a8       0x38 .\CortexM3\ARM_GCC_493\Debug\Cm3Start.o
 .debug_ranges  0x000000e0       0x48 .\CortexM3\ARM_GCC_493\Debug\Design01.a(cyfitter_cfg.o)
 .debug_ranges  0x00000128       0x70 .\CortexM3\ARM_GCC_493\Debug\Design01.a(isr_2.o)
 .debug_ranges  0x00000198       0x70 .\CortexM3\ARM_GCC_493\Debug\Design01.a(isr_3.o)
 .debug_ranges  0x00000208       0x88 .\CortexM3\ARM_GCC_493\Debug\Design01.a(Counter_1.o)
 .debug_ranges  0x00000290       0x88 .\CortexM3\ARM_GCC_493\Debug\Design01.a(LCD.o)
 .debug_ranges  0x00000318      0x290 .\CortexM3\ARM_GCC_493\Debug\Design01.a(CyLib.o)
 .debug_ranges  0x000005a8       0x88 .\CortexM3\ARM_GCC_493\Debug\Design01.a(cyPm.o)
 .debug_ranges  0x00000630       0x70 .\CortexM3\ARM_GCC_493\Debug\Design01.a(isr_1.o)
 .debug_ranges  0x000006a0       0x70 .\CortexM3\ARM_GCC_493\Debug\Design01.a(isr_4.o)
 .debug_ranges  0x00000710       0x88 .\CortexM3\ARM_GCC_493\Debug\Design01.a(Counter_2.o)
 .debug_ranges  0x00000798       0x28 .\CortexM3\ARM_GCC_493\Debug\Design01.a(Pin_A1.o)
 .debug_ranges  0x000007c0       0x28 .\CortexM3\ARM_GCC_493\Debug\Design01.a(Pin_A2.o)
 .debug_ranges  0x000007e8       0x28 .\CortexM3\ARM_GCC_493\Debug\Design01.a(Pin_B1.o)
 .debug_ranges  0x00000810       0x28 .\CortexM3\ARM_GCC_493\Debug\Design01.a(Pin_B2.o)
 .debug_ranges  0x00000838       0x70 .\CortexM3\ARM_GCC_493\Debug\Design01.a(isr_5.o)
 .debug_ranges  0x000008a8       0x28 .\CortexM3\ARM_GCC_493\Debug\Design01.a(Pin_A1_1.o)
 .debug_ranges  0x000008d0       0x28 .\CortexM3\ARM_GCC_493\Debug\Design01.a(Pin_A2_1.o)
 .debug_ranges  0x000008f8       0x28 .\CortexM3\ARM_GCC_493\Debug\Design01.a(Pin_B1_1.o)
 .debug_ranges  0x00000920       0x28 .\CortexM3\ARM_GCC_493\Debug\Design01.a(Pin_B2_1.o)
 .debug_ranges  0x00000948       0x70 .\CortexM3\ARM_GCC_493\Debug\Design01.a(CyFlash.o)
 .debug_ranges  0x000009b8       0x68 .\CortexM3\ARM_GCC_493\Debug\Design01.a(CySpc.o)

.comment        0x00000000       0x70
 .comment       0x00000000       0x70 .\CortexM3\ARM_GCC_493\Debug\main.o
                                 0x71 (size before relaxing)
 .comment       0x00000000       0x71 .\CortexM3\ARM_GCC_493\Debug\cymetadata.o
 .comment       0x00000000       0x71 .\CortexM3\ARM_GCC_493\Debug\Cm3Start.o
 .comment       0x00000000       0x71 .\CortexM3\ARM_GCC_493\Debug\Design01.a(cyfitter_cfg.o)
 .comment       0x00000000       0x71 .\CortexM3\ARM_GCC_493\Debug\Design01.a(isr_2.o)
 .comment       0x00000000       0x71 .\CortexM3\ARM_GCC_493\Debug\Design01.a(isr_3.o)
 .comment       0x00000000       0x71 .\CortexM3\ARM_GCC_493\Debug\Design01.a(Counter_1.o)
 .comment       0x00000000       0x71 .\CortexM3\ARM_GCC_493\Debug\Design01.a(LCD.o)
 .comment       0x00000000       0x71 .\CortexM3\ARM_GCC_493\Debug\Design01.a(CyLib.o)
 .comment       0x00000000       0x71 .\CortexM3\ARM_GCC_493\Debug\Design01.a(cyPm.o)
 .comment       0x00000000       0x71 .\CortexM3\ARM_GCC_493\Debug\Design01.a(isr_1.o)
 .comment       0x00000000       0x71 .\CortexM3\ARM_GCC_493\Debug\Design01.a(isr_4.o)
 .comment       0x00000000       0x71 .\CortexM3\ARM_GCC_493\Debug\Design01.a(Counter_2.o)
 .comment       0x00000000       0x71 .\CortexM3\ARM_GCC_493\Debug\Design01.a(Pin_A1.o)
 .comment       0x00000000       0x71 .\CortexM3\ARM_GCC_493\Debug\Design01.a(Pin_A2.o)
 .comment       0x00000000       0x71 .\CortexM3\ARM_GCC_493\Debug\Design01.a(Pin_B1.o)
 .comment       0x00000000       0x71 .\CortexM3\ARM_GCC_493\Debug\Design01.a(Pin_B2.o)
 .comment       0x00000000       0x71 .\CortexM3\ARM_GCC_493\Debug\Design01.a(isr_5.o)
 .comment       0x00000000       0x71 .\CortexM3\ARM_GCC_493\Debug\Design01.a(Pin_A1_1.o)
 .comment       0x00000000       0x71 .\CortexM3\ARM_GCC_493\Debug\Design01.a(Pin_A2_1.o)
 .comment       0x00000000       0x71 .\CortexM3\ARM_GCC_493\Debug\Design01.a(Pin_B1_1.o)
 .comment       0x00000000       0x71 .\CortexM3\ARM_GCC_493\Debug\Design01.a(Pin_B2_1.o)
 .comment       0x00000000       0x71 .\CortexM3\ARM_GCC_493\Debug\Design01.a(CyFlash.o)
 .comment       0x00000000       0x71 .\CortexM3\ARM_GCC_493\Debug\Design01.a(CySpc.o)

.debug_weaknames
 *(.debug_weaknames)

.debug_funcnames
 *(.debug_funcnames)

.debug_typenames
 *(.debug_typenames)

.debug_varnames
 *(.debug_varnames)

.note.gnu.arm.ident
 *(.note.gnu.arm.ident)

.ARM.attributes
                0x00000000       0x29
 *(.ARM.attributes)
 .ARM.attributes
                0x00000000       0x1d d:/program files (x86)/cypress/psoc creator/4.0/psoc creator/import/gnu/arm/4.9.3/bin/../lib/gcc/arm-none-eabi/4.9.3/armv7-m/crti.o
 .ARM.attributes
                0x0000001d       0x2d d:/program files (x86)/cypress/psoc creator/4.0/psoc creator/import/gnu/arm/4.9.3/bin/../lib/gcc/arm-none-eabi/4.9.3/armv7-m/crtbegin.o
 .ARM.attributes
                0x0000004a       0x1b d:/program files (x86)/cypress/psoc creator/4.0/psoc creator/import/gnu/arm/4.9.3/bin/../lib/gcc/arm-none-eabi/4.9.3/../../../../arm-none-eabi/lib/armv7-m/crt0.o
 .ARM.attributes
                0x00000065       0x33 .\CortexM3\ARM_GCC_493\Debug\main.o
 .ARM.attributes
                0x00000098       0x33 .\CortexM3\ARM_GCC_493\Debug\cymetadata.o
 .ARM.attributes
                0x000000cb       0x33 .\CortexM3\ARM_GCC_493\Debug\Cm3Start.o
 .ARM.attributes
                0x000000fe       0x33 .\CortexM3\ARM_GCC_493\Debug\Design01.a(cyfitter_cfg.o)
 .ARM.attributes
                0x00000131       0x33 .\CortexM3\ARM_GCC_493\Debug\Design01.a(isr_2.o)
 .ARM.attributes
                0x00000164       0x33 .\CortexM3\ARM_GCC_493\Debug\Design01.a(isr_3.o)
 .ARM.attributes
                0x00000197       0x33 .\CortexM3\ARM_GCC_493\Debug\Design01.a(Counter_1.o)
 .ARM.attributes
                0x000001ca       0x33 .\CortexM3\ARM_GCC_493\Debug\Design01.a(LCD.o)
 .ARM.attributes
                0x000001fd       0x33 .\CortexM3\ARM_GCC_493\Debug\Design01.a(CyLib.o)
 .ARM.attributes
                0x00000230       0x33 .\CortexM3\ARM_GCC_493\Debug\Design01.a(cyPm.o)
 .ARM.attributes
                0x00000263       0x33 .\CortexM3\ARM_GCC_493\Debug\Design01.a(isr_1.o)
 .ARM.attributes
                0x00000296       0x33 .\CortexM3\ARM_GCC_493\Debug\Design01.a(isr_4.o)
 .ARM.attributes
                0x000002c9       0x33 .\CortexM3\ARM_GCC_493\Debug\Design01.a(Counter_2.o)
 .ARM.attributes
                0x000002fc       0x33 .\CortexM3\ARM_GCC_493\Debug\Design01.a(Pin_A1.o)
 .ARM.attributes
                0x0000032f       0x33 .\CortexM3\ARM_GCC_493\Debug\Design01.a(Pin_A2.o)
 .ARM.attributes
                0x00000362       0x33 .\CortexM3\ARM_GCC_493\Debug\Design01.a(Pin_B1.o)
 .ARM.attributes
                0x00000395       0x33 .\CortexM3\ARM_GCC_493\Debug\Design01.a(Pin_B2.o)
 .ARM.attributes
                0x000003c8       0x33 .\CortexM3\ARM_GCC_493\Debug\Design01.a(isr_5.o)
 .ARM.attributes
                0x000003fb       0x33 .\CortexM3\ARM_GCC_493\Debug\Design01.a(Pin_A1_1.o)
 .ARM.attributes
                0x0000042e       0x33 .\CortexM3\ARM_GCC_493\Debug\Design01.a(Pin_A2_1.o)
 .ARM.attributes
                0x00000461       0x33 .\CortexM3\ARM_GCC_493\Debug\Design01.a(Pin_B1_1.o)
 .ARM.attributes
                0x00000494       0x33 .\CortexM3\ARM_GCC_493\Debug\Design01.a(Pin_B2_1.o)
 .ARM.attributes
                0x000004c7       0x21 .\CortexM3\ARM_GCC_493\Debug\Design01.a(CyBootAsmGnu.o)
 .ARM.attributes
                0x000004e8       0x33 .\CortexM3\ARM_GCC_493\Debug\Design01.a(CyFlash.o)
 .ARM.attributes
                0x0000051b       0x33 .\CortexM3\ARM_GCC_493\Debug\Design01.a(CySpc.o)
 .ARM.attributes
                0x0000054e       0x1d d:/program files (x86)/cypress/psoc creator/4.0/psoc creator/import/gnu/arm/4.9.3/bin/../lib/gcc/arm-none-eabi/4.9.3/armv7-m\libgcc.a(_arm_addsubdf3.o)
 .ARM.attributes
                0x0000056b       0x1d d:/program files (x86)/cypress/psoc creator/4.0/psoc creator/import/gnu/arm/4.9.3/bin/../lib/gcc/arm-none-eabi/4.9.3/armv7-m\libgcc.a(_arm_muldivdf3.o)
 .ARM.attributes
                0x00000588       0x1d d:/program files (x86)/cypress/psoc creator/4.0/psoc creator/import/gnu/arm/4.9.3/bin/../lib/gcc/arm-none-eabi/4.9.3/armv7-m\libgcc.a(_arm_truncdfsf2.o)
 .ARM.attributes
                0x000005a5       0x1d d:/program files (x86)/cypress/psoc creator/4.0/psoc creator/import/gnu/arm/4.9.3/bin/../lib/gcc/arm-none-eabi/4.9.3/armv7-m\libgcc.a(_arm_addsubsf3.o)
 .ARM.attributes
                0x000005c2       0x1d d:/program files (x86)/cypress/psoc creator/4.0/psoc creator/import/gnu/arm/4.9.3/bin/../lib/gcc/arm-none-eabi/4.9.3/armv7-m\libgcc.a(_arm_muldivsf3.o)
 .ARM.attributes
                0x000005df       0x1d d:/program files (x86)/cypress/psoc creator/4.0/psoc creator/import/gnu/arm/4.9.3/bin/../lib/gcc/arm-none-eabi/4.9.3/armv7-m\libgcc.a(_arm_cmpsf2.o)
 .ARM.attributes
                0x000005fc       0x1d d:/program files (x86)/cypress/psoc creator/4.0/psoc creator/import/gnu/arm/4.9.3/bin/../lib/gcc/arm-none-eabi/4.9.3/armv7-m\libgcc.a(_arm_fixsfsi.o)
 .ARM.attributes
                0x00000619       0x1d d:/program files (x86)/cypress/psoc creator/4.0/psoc creator/import/gnu/arm/4.9.3/bin/../lib/gcc/arm-none-eabi/4.9.3/armv7-m\libgcc.a(_arm_fixunssfsi.o)
 .ARM.attributes
                0x00000636       0x2d d:/program files (x86)/cypress/psoc creator/4.0/psoc creator/import/gnu/arm/4.9.3/bin/../lib/gcc/arm-none-eabi/4.9.3/../../../../arm-none-eabi/lib/armv7-m\libg_nano.a(lib_a-errno.o)
 .ARM.attributes
                0x00000663       0x2d d:/program files (x86)/cypress/psoc creator/4.0/psoc creator/import/gnu/arm/4.9.3/bin/../lib/gcc/arm-none-eabi/4.9.3/../../../../arm-none-eabi/lib/armv7-m\libg_nano.a(lib_a-exit.o)
 .ARM.attributes
                0x00000690       0x2d d:/program files (x86)/cypress/psoc creator/4.0/psoc creator/import/gnu/arm/4.9.3/bin/../lib/gcc/arm-none-eabi/4.9.3/../../../../arm-none-eabi/lib/armv7-m\libg_nano.a(lib_a-impure.o)
 .ARM.attributes
                0x000006bd       0x2d d:/program files (x86)/cypress/psoc creator/4.0/psoc creator/import/gnu/arm/4.9.3/bin/../lib/gcc/arm-none-eabi/4.9.3/../../../../arm-none-eabi/lib/armv7-m\libg_nano.a(lib_a-init.o)
 .ARM.attributes
                0x000006ea       0x2d d:/program files (x86)/cypress/psoc creator/4.0/psoc creator/import/gnu/arm/4.9.3/bin/../lib/gcc/arm-none-eabi/4.9.3/../../../../arm-none-eabi/lib/armv7-m\libg_nano.a(lib_a-memcpy.o)
 .ARM.attributes
                0x00000717       0x2d d:/program files (x86)/cypress/psoc creator/4.0/psoc creator/import/gnu/arm/4.9.3/bin/../lib/gcc/arm-none-eabi/4.9.3/../../../../arm-none-eabi/lib/armv7-m\libg_nano.a(lib_a-memset.o)
 .ARM.attributes
                0x00000744       0x2d d:/program files (x86)/cypress/psoc creator/4.0/psoc creator/import/gnu/arm/4.9.3/bin/../lib/gcc/arm-none-eabi/4.9.3/armv7-m/crtend.o
 .ARM.attributes
                0x00000771       0x1d d:/program files (x86)/cypress/psoc creator/4.0/psoc creator/import/gnu/arm/4.9.3/bin/../lib/gcc/arm-none-eabi/4.9.3/armv7-m/crtn.o

/DISCARD/
 *(.note.GNU-stack)
OUTPUT(.\CortexM3\ARM_GCC_493\Debug\Design01.elf elf32-littlearm)
